src/components/Character/Scene.tsx(55,31): error TS2339: Property 'gltf' does not exist on type '{ gltf: GLTF; mixer: AnimationMixer | null; actions: any; } | null'.
src/components/Character/Scene.tsx(55,37): error TS2339: Property 'mixer' does not exist on type '{ gltf: GLTF; mixer: AnimationMixer | null; actions: any; } | null'.
src/components/Character/Scene.tsx(55,44): error TS2339: Property 'actions' does not exist on type '{ gltf: GLTF; mixer: AnimationMixer | null; actions: any; } | null'.
src/components/utils/initialFX.ts(1,27): error TS7016: Could not find a declaration file for module 'gsap-trial/SplitText'. 'C:/Users/saian/Documents/portfolio_new/Aneesh_new_portfolio/node_modules/gsap-trial/SplitText.js' implicitly has an 'any' type.
  Try `npm i --save-dev @types/gsap-trial` if it exists or add a new declaration (.d.ts) file containing `declare module 'gsap-trial/SplitText';`
src/components/utils/splitText.ts(4,27): error TS7016: Could not find a declaration file for module 'gsap-trial/SplitText'. 'C:/Users/saian/Documents/portfolio_new/Aneesh_new_portfolio/node_modules/gsap-trial/SplitText.js' implicitly has an 'any' type.
  Try `npm i --save-dev @types/gsap-trial` if it exists or add a new declaration (.d.ts) file containing `declare module 'gsap-trial/SplitText';`
